Tue Aug 13 11:28:22 2013 127.0.0.1            send                 204                 
Tue Aug 13 11:34:06 2013 192.168.200.59       send                 303                 
Tue Aug 13 11:34:25 2013 192.168.200.59       send                 303                 
Tue Aug 13 17:15:37 2013 0.0.0.0              bind                 559                 
Tue Aug 13 17:28:45 2013 127.0.0.1            lstat                187                 
Tue Aug 13 17:29:50 2013 127.0.0.1            lstat                187                 
Tue Aug 13 17:30:20 2013 127.0.0.1            lstat                187                 
Tue Aug 13 17:31:50 2013 127.0.0.1            open                 351                 
Tue Aug 13 20:23:25 2013 192.168.201.25       lstat                187                 
Tue Aug 13 20:24:20 2013 192.168.201.25       lstat                187                 
Tue Aug 13 20:25:05 2013 192.168.201.25       lstat                187                 
Tue Aug 13 20:36:44 2013 192.168.201.25       lstat                187                 
Tue Aug 13 20:40:08 2013 192.168.201.25       send                 301                 
Tue Aug 13 20:44:10 2013 192.168.201.25       send                 301                 
Wed Aug 14 10:35:13 2013 0.0.0.0              bind                 63                  
Wed Aug 14 10:41:01 2013 192.168.201.25       recv                 115                 
Wed Aug 14 10:41:03 2013 192.168.201.25       send                 76                  
Wed Aug 14 10:41:05 2013 192.168.201.25       recv                 115                 
Wed Aug 14 10:45:18 2013 192.168.201.25       recv                 115                 
Wed Aug 14 11:24:58 2013 0.0.0.0              bind                 63                  
Wed Aug 14 13:47:07 2013 0.0.0.0              bind                 63                  
Wed Aug 14 13:49:33 2013 0.0.0.0              bind                 63                  
Wed Aug 14 13:49:43 2013 0.0.0.0              bind                 63                  
